###############################################################################
#
# IAR ELF Linker V3.11.1.207 for STM8                     02/Feb/2021  23:10:35
# Copyright 2010-2019 IAR Systems AB.
#
#    Output file  =  C:\STM8Projects\task\Debug\Exe\task.out
#    Map file     =  C:\STM8Projects\task\Debug\List\task.map
#    Command line =  
#        -f C:\Users\51FB~1\AppData\Local\Temp\EWF676.tmp
#        (C:\STM8Projects\task\Debug\Obj\delay.o
#        C:\STM8Projects\task\Debug\Obj\main.o
#        C:\STM8Projects\task\Debug\Obj\RFM69.o
#        C:\STM8Projects\task\Debug\Obj\stm8l15x_adc.o
#        C:\STM8Projects\task\Debug\Obj\stm8l15x_aes.o
#        C:\STM8Projects\task\Debug\Obj\stm8l15x_beep.o
#        C:\STM8Projects\task\Debug\Obj\stm8l15x_clk.o
#        C:\STM8Projects\task\Debug\Obj\stm8l15x_comp.o
#        C:\STM8Projects\task\Debug\Obj\stm8l15x_dac.o
#        C:\STM8Projects\task\Debug\Obj\stm8l15x_dma.o
#        C:\STM8Projects\task\Debug\Obj\stm8l15x_exti.o
#        C:\STM8Projects\task\Debug\Obj\stm8l15x_flash.o
#        C:\STM8Projects\task\Debug\Obj\stm8l15x_gpio.o
#        C:\STM8Projects\task\Debug\Obj\stm8l15x_i2c.o
#        C:\STM8Projects\task\Debug\Obj\stm8l15x_irtim.o
#        C:\STM8Projects\task\Debug\Obj\stm8l15x_it.o
#        C:\STM8Projects\task\Debug\Obj\stm8l15x_itc.o
#        C:\STM8Projects\task\Debug\Obj\stm8l15x_iwdg.o
#        C:\STM8Projects\task\Debug\Obj\stm8l15x_lcd.o
#        C:\STM8Projects\task\Debug\Obj\stm8l15x_pwr.o
#        C:\STM8Projects\task\Debug\Obj\stm8l15x_rst.o
#        C:\STM8Projects\task\Debug\Obj\stm8l15x_rtc.o
#        C:\STM8Projects\task\Debug\Obj\stm8l15x_spi.o
#        C:\STM8Projects\task\Debug\Obj\stm8l15x_syscfg.o
#        C:\STM8Projects\task\Debug\Obj\stm8l15x_tim1.o
#        C:\STM8Projects\task\Debug\Obj\stm8l15x_tim2.o
#        C:\STM8Projects\task\Debug\Obj\stm8l15x_tim3.o
#        C:\STM8Projects\task\Debug\Obj\stm8l15x_tim4.o
#        C:\STM8Projects\task\Debug\Obj\stm8l15x_tim5.o
#        C:\STM8Projects\task\Debug\Obj\stm8l15x_usart.o
#        C:\STM8Projects\task\Debug\Obj\stm8l15x_wfe.o
#        C:\STM8Projects\task\Debug\Obj\stm8l15x_wwdg.o --redirect
#        _Printf=_PrintfFullNoMb --redirect _Scanf=_ScanfFullNoMb
#        --no_out_extension -o C:\STM8Projects\task\Debug\Exe\task.out --map
#        C:\STM8Projects\task\Debug\List\task.map --config "C:\Program Files
#        (x86)\IAR Systems\Embedded Workbench
#        8.3\stm8\config\lnkstm8l151g4.icf" --config_def _CSTACK_SIZE=0x200
#        --config_def _HEAP_SIZE=0x200 --entry __iar_program_start --debug_lib)
#
###############################################################################

*******************************************************************************
*** RUNTIME MODEL ATTRIBUTES
***

__SystemLibrary            = DLib
__code_model               = medium_or_large
__core                     = stm8
__data_model               = medium
__dlib_file_descriptor     = 0
__dlib_full_locale_support = 0
__rt_version               = 4


*******************************************************************************
*** PLACEMENT SUMMARY
***

"A0":  place at start of [0x000000-0x0000ff] { rw section .vregs };
"A1":  place at end of [0x000000-0x0007ff] { block CSTACK };
"P2":  place in [from 0x000000 to 0x0007ff] {
          block HEAP, rw section __DLIB_PERTHREAD, rw section .far.bss,
          rw section .far.data, rw section .far.noinit,
          rw section .far_func.textrw, rw section .huge.bss,
          rw section .huge.data, rw section .huge.noinit,
          rw section .huge_func.textrw, rw section .iar.dynexit,
          rw section .near.bss, rw section .near.data, rw section .near.noinit,
          rw section .near_func.textrw };
"A2":  place at start of [0x008000-0x00bfff] { block INTVEC };
"P3":  place in [from 0x008000 to 0x00bfff] {
          ro section __DLIB_PERTHREAD_init, ro section .far.data_init,
          ro section .far_func.textrw_init, ro section .huge.data_init,
          ro section .huge_func.textrw_init, ro section .iar.init_table,
          ro section .init_array, ro section .near.data_init,
          ro section .near.rodata, ro section .near_func.text,
          ro section .near_func.textrw_init, ro section .tiny.data_init,
          ro section .tiny.rodata_init };
"P4":  place in [from 0x008000 to 0x00bfff] {
          ro section .far.rodata, ro section .far_func.text };
"P5":  place in [from 0x008000 to 0x00bfff] {
          ro section .huge.rodata, ro section .huge_func.text };
do not initialize {
   rw section .eeprom.noinit, rw section .far.noinit, rw section .huge.noinit,
   rw section .near.noinit, rw section .tiny.noinit, rw section .vregs };
initialize by copy {
   rw section .far.bss, rw section .far.data, rw section .far_func.textrw,
   rw section .huge.bss, rw section .huge.data, rw section .huge_func.textrw,
   rw section .iar.dynexit, rw section .near.bss, rw section .near.data,
   rw section .near_func.textrw, rw section .tiny.bss, rw section .tiny.data,
   ro section .tiny.rodata };

No sections matched the following patterns:

  ro section .far.data_init          in "P3-P5"
  ro section .far.rodata             in "P3-P5"
  ro section .far_func.textrw_init   in "P3-P5"
  ro section .huge.data_init         in "P3-P5"
  ro section .huge.rodata            in "P3-P5"
  ro section .huge_func.text         in "P3-P5"
  ro section .huge_func.textrw_init  in "P3-P5"
  ro section .iar.init_table         in "P3-P5"
  ro section .init_array             in "P3-P5"
  ro section .near_func.text         in "P3-P5"
  ro section .near_func.textrw_init  in "P3-P5"
  ro section .tiny.data_init         in "P3-P5"
  ro section .tiny.rodata_init       in "P3-P5"
  ro section __DLIB_PERTHREAD_init   in "P3-P5"
  rw section .far.bss                in "P2"
  rw section .far.data               in "P2"
  rw section .far.noinit             in "P2"
  rw section .far_func.textrw        in "P2"
  rw section .huge.bss               in "P2"
  rw section .huge.data              in "P2"
  rw section .huge.noinit            in "P2"
  rw section .huge_func.textrw       in "P2"
  rw section .iar.dynexit            in "P2"
  rw section .near.noinit            in "P2"
  rw section .near_func.textrw       in "P2"
  rw section .tiny.bss               in "P1"
  rw section .tiny.data              in "P1"
  rw section .tiny.noinit            in "P1"
  rw section .tiny.rodata            in "P1"
  rw section __DLIB_PERTHREAD        in "P2"
  section .eeprom.data               in "P6-P8"
  section .eeprom.noinit             in "P6-P8"
  section .eeprom.rodata             in "P6-P8"


  Section            Kind      Address   Size  Object
  -------            ----      -------   ----  ------
"A0":                                     0xc
  .vregs             uninit   0x000000    0xc  vregs.o [4]
                            - 0x00000c    0xc

"P2":                                     0x3
  P2-1                        0x00000c    0x3  <Init block>
    .near.data       inited   0x00000c    0x1  RFM69.o [1]
    .near.bss        inited   0x00000d    0x1  main.o [1]
    .near.bss        inited   0x00000e    0x1  RFM69.o [1]
                            - 0x00000f    0x3

"A1":                                   0x200
  CSTACK                      0x000600  0x200  <Block>
    CSTACK           uninit   0x000600  0x200  <Block tail>
                            - 0x000800  0x200

"A2":                                    0x80
  INTVEC                      0x008000   0x80  <Block>
    .intvec          const    0x008000   0x80  interrupt.o [4]
                            - 0x008080   0x80

"P3-P5":                                0x8c4
  .far_func.text     ro code  0x008080  0x15c  RFM69.o [1]
  .far_func.text     ro code  0x0081dc  0x137  main.o [1]
  .far_func.text     ro code  0x008313  0x132  RFM69.o [1]
  .far_func.text     ro code  0x008445   0x96  vreg_util.o [4]
  .far_func.text     ro code  0x0084db   0x8f  stm8l15x_clk.o [1]
  .far_func.text     ro code  0x00856a   0x8e  stm8l15x_gpio.o [1]
  .far_func.text     ro code  0x0085f8   0x4e  delay.o [1]
  .far_func.text     ro code  0x008646   0x41  stm8l15x_spi.o [1]
  .far_func.text     ro code  0x008687   0x3f  RFM69.o [1]
  .near.rodata       const    0x0086c6   0x32  RFM69.o [1]
  .near.rodata       const    0x0086f8   0x29  main.o [1]
  .far_func.text     ro code  0x008721   0x28  init_small.o [4]
  .far_func.text     ro code  0x008749   0x26  stm8l15x_it.o [1]
  .far_func.text     ro code  0x00876f   0x26  stm8l15x_it.o [1]
  .far_func.text     ro code  0x008795   0x26  stm8l15x_it.o [1]
  .far_func.text     ro code  0x0087bb   0x26  stm8l15x_it.o [1]
  .far_func.text     ro code  0x0087e1   0x21  stm8l15x_exti.o [1]
  .iar.init_table    const    0x008802    0xb  - Linker created -
  .near.rodata       const    0x00880d   0x1f  main.o [1]
  .far_func.text     ro code  0x00882c   0x1e  init.o [4]
  .far_func.text     ro code  0x00884a   0x1a  stm8l15x_spi.o [1]
  .far_func.text     ro code  0x008864   0x1a  stm8l15x_spi.o [1]
  .far_func.text     ro code  0x00887e   0x19  stm8l15x_spi.o [1]
  .far_func.text     ro code  0x008897   0x17  cstartup.o [4]
  .far_func.text     ro code  0x0088ae   0x16  __dbg_xxexit.o [3]
  .near.rodata       const    0x0088c4   0x15  main.o [1]
  .far_func.text     ro code  0x0088d9    0xe  far_util.o [4]
  .far_func.text     ro code  0x0088e7    0xd  move.o [4]
  .near.rodata       const    0x0088f4    0xb  main.o [1]
  .far_func.text     ro code  0x0088ff    0x8  short.o [4]
  .far_func.text     ro code  0x008907    0x7  stm8l15x_gpio.o [1]
  .far_func.text     ro code  0x00890e    0x6  cexit.o [4]
  .far_func.text     ro code  0x008914    0x4  stm8l15x_gpio.o [1]
  .far_func.text     ro code  0x008918    0x4  interrupt.o [4]
  .far_func.text     ro code  0x00891c    0x4  exit.o [4]
  .far_func.text     ro code  0x008920    0x3  low_level_init.o [4]
  .far_func.text     ro code  0x008923    0x3  unhandled_exception.o [4]
  Initializer bytes  const    0x008926    0x3  <for P2-1>
  .far_func.text     ro code  0x008929    0x1  stm8l15x_it.o [1]
  .far_func.text     ro code  0x00892a    0x1  stm8l15x_it.o [1]
  .far_func.text     ro code  0x00892b    0x1  stm8l15x_it.o [1]
  .far_func.text     ro code  0x00892c    0x1  stm8l15x_it.o [1]
  .far_func.text     ro code  0x00892d    0x1  stm8l15x_it.o [1]
  .far_func.text     ro code  0x00892e    0x1  stm8l15x_it.o [1]
  .far_func.text     ro code  0x00892f    0x1  stm8l15x_it.o [1]
  .far_func.text     ro code  0x008930    0x1  stm8l15x_it.o [1]
  .far_func.text     ro code  0x008931    0x1  stm8l15x_it.o [1]
  .far_func.text     ro code  0x008932    0x1  stm8l15x_it.o [1]
  .far_func.text     ro code  0x008933    0x1  stm8l15x_it.o [1]
  .far_func.text     ro code  0x008934    0x1  stm8l15x_it.o [1]
  .far_func.text     ro code  0x008935    0x1  stm8l15x_it.o [1]
  .far_func.text     ro code  0x008936    0x1  stm8l15x_it.o [1]
  .far_func.text     ro code  0x008937    0x1  stm8l15x_it.o [1]
  .far_func.text     ro code  0x008938    0x1  stm8l15x_it.o [1]
  .far_func.text     ro code  0x008939    0x1  stm8l15x_it.o [1]
  .far_func.text     ro code  0x00893a    0x1  stm8l15x_it.o [1]
  .far_func.text     ro code  0x00893b    0x1  stm8l15x_it.o [1]
  .far_func.text     ro code  0x00893c    0x1  stm8l15x_it.o [1]
  .far_func.text     ro code  0x00893d    0x1  stm8l15x_it.o [1]
  .far_func.text     ro code  0x00893e    0x1  stm8l15x_it.o [1]
  .far_func.text     ro code  0x00893f    0x1  stm8l15x_it.o [1]
  .far_func.text     ro code  0x008940    0x1  stm8l15x_it.o [1]
  .far_func.text     ro code  0x008941    0x1  stm8l15x_it.o [1]
  .far_func.text     ro code  0x008942    0x1  stm8l15x_it.o [1]
  .far_func.text     ro code  0x008943    0x1  __dbg_break.o [3]
                            - 0x008944  0x8c4


*******************************************************************************
*** INIT TABLE
***

          Address   Size
          -------   ----
Copy (__iar_copy_init2)
    1 source range, total size 0x3:
          0x008926   0x3
    1 destination range, total size 0x3:
          0x00000c   0x3



*******************************************************************************
*** MODULE SUMMARY
***

    Module                 ro code  ro data  rw data
    ------                 -------  -------  -------
C:\STM8Projects\task\Debug\Obj: [1]
    RFM69.o                    717       52        2
    delay.o                     78
    main.o                     311      105        1
    stm8l15x_clk.o             143
    stm8l15x_exti.o             33
    stm8l15x_gpio.o            153
    stm8l15x_it.o              178
    stm8l15x_spi.o             142
    ------------------------------------------------
    Total:                   1 755      157        3

command line: [2]
    ------------------------------------------------
    Total:

dbgstm8mmd.a: [3]
    __dbg_break.o                1
    __dbg_xxexit.o              22
    ------------------------------------------------
    Total:                      23

dlstm8mmn.a: [4]
    cexit.o                      6
    cstartup.o                  23
    exit.o                       4
    far_util.o                  14
    init.o                      30
    init_small.o                40
    interrupt.o                  4      128
    low_level_init.o             3
    move.o                      13
    short.o                      8
    unhandled_exception.o        3
    vreg_util.o                150
    vregs.o                                       12
    ------------------------------------------------
    Total:                     298      128       12

    Linker created                       11      512
----------------------------------------------------
    Grand Total:             2 076      296      527


*******************************************************************************
*** ENTRY LIST
***

Entry                    Address   Size  Type      Object
-----                    -------   ----  ----      ------
.iar.init_table$$Base   0x008802          --   Gb  - Linker created -
.iar.init_table$$Limit  0x00880d          --   Gb  - Linker created -
?b0                     0x000000         Data  Gb  vregs.o [4]
?b1                     0x000001         Data  Gb  vregs.o [4]
?b10                    0x00000a         Data  Gb  vregs.o [4]
?b11                    0x00000b         Data  Gb  vregs.o [4]
?b2                     0x000002         Data  Gb  vregs.o [4]
?b3                     0x000003         Data  Gb  vregs.o [4]
?b4                     0x000004         Data  Gb  vregs.o [4]
?b5                     0x000005         Data  Gb  vregs.o [4]
?b6                     0x000006         Data  Gb  vregs.o [4]
?b7                     0x000007         Data  Gb  vregs.o [4]
?b8                     0x000008         Data  Gb  vregs.o [4]
?b9                     0x000009         Data  Gb  vregs.o [4]
?e0                     0x000001         Data  Gb  vregs.o [4]
?e1                     0x000005         Data  Gb  vregs.o [4]
?e2                     0x000009         Data  Gb  vregs.o [4]
?epilogue_l2            0x0084d1         Code  Gb  vreg_util.o [4]
?epilogue_w4            0x0084d6         Code  Gb  vreg_util.o [4]
?l0                     0x000000         Data  Gb  vregs.o [4]
?l1                     0x000004         Data  Gb  vregs.o [4]
?l2                     0x000008         Data  Gb  vregs.o [4]
?load24_e1_0x           0x0088d9         Code  Gb  far_util.o [4]
?move1616_v_x_y_a       0x0088e7         Code  Gb  move.o [4]
?pop_l0                 0x0084a4         Code  Gb  vreg_util.o [4]
?pop_l1                 0x0084af         Code  Gb  vreg_util.o [4]
?pop_l2                 0x0084ba         Code  Gb  vreg_util.o [4]
?pop_w4                 0x008461         Code  Gb  vreg_util.o [4]
?push_l0                0x008474         Code  Gb  vreg_util.o [4]
?push_l1                0x008479         Code  Gb  vreg_util.o [4]
?push_l2                0x00847e         Code  Gb  vreg_util.o [4]
?push_w4                0x008445         Code  Gb  vreg_util.o [4]
?sll16_x_x_a            0x0088ff         Code  Gb  short.o [4]
?w0                     0x000000         Data  Gb  vregs.o [4]
?w1                     0x000002         Data  Gb  vregs.o [4]
?w2                     0x000004         Data  Gb  vregs.o [4]
?w3                     0x000006         Data  Gb  vregs.o [4]
?w4                     0x000008         Data  Gb  vregs.o [4]
?w5                     0x00000a         Data  Gb  vregs.o [4]
ADC1_COMP_IRQHandler    0x008937    0x1  Code  Gb  stm8l15x_it.o [1]
CLK_PeripheralClockConfig
                        0x0084db   0x8f  Code  Gb  stm8l15x_clk.o [1]
CSTACK$$Base            0x000600          --   Gb  - Linker created -
CSTACK$$Limit           0x000800          --   Gb  - Linker created -
DMA1_CHANNEL0_1_IRQHandler
                        0x00892b    0x1  Code  Gb  stm8l15x_it.o [1]
DMA1_CHANNEL2_3_IRQHandler
                        0x00892c    0x1  Code  Gb  stm8l15x_it.o [1]
EXTI0_IRQHandler        0x008931    0x1  Code  Gb  stm8l15x_it.o [1]
EXTI1_IRQHandler        0x008932    0x1  Code  Gb  stm8l15x_it.o [1]
EXTI2_IRQHandler        0x008749   0x26  Code  Gb  stm8l15x_it.o [1]
EXTI3_IRQHandler        0x00876f   0x26  Code  Gb  stm8l15x_it.o [1]
EXTI4_IRQHandler        0x008795   0x26  Code  Gb  stm8l15x_it.o [1]
EXTI5_IRQHandler        0x0087bb   0x26  Code  Gb  stm8l15x_it.o [1]
EXTI6_IRQHandler        0x008933    0x1  Code  Gb  stm8l15x_it.o [1]
EXTI7_IRQHandler        0x008934    0x1  Code  Gb  stm8l15x_it.o [1]
EXTIB_IRQHandler        0x00892f    0x1  Code  Gb  stm8l15x_it.o [1]
EXTID_IRQHandler        0x008930    0x1  Code  Gb  stm8l15x_it.o [1]
EXTIE_F_PVD_IRQHandler  0x00892e    0x1  Code  Gb  stm8l15x_it.o [1]
EXTI_ClearITPendingBit  0x0087e1   0x21  Code  Gb  stm8l15x_exti.o [1]
FLASH_IRQHandler        0x00892a    0x1  Code  Gb  stm8l15x_it.o [1]
GPIO_Init               0x00856a   0x8e  Code  Gb  stm8l15x_gpio.o [1]
GPIO_ResetBits          0x008914    0x4  Code  Gb  stm8l15x_gpio.o [1]
GPIO_SetBits            0x008907    0x7  Code  Gb  stm8l15x_gpio.o [1]
I2C1_IRQHandler         0x008942    0x1  Code  Gb  stm8l15x_it.o [1]
INTVEC$$Base            0x008000          --   Gb  - Linker created -
INTVEC$$Limit           0x008080          --   Gb  - Linker created -
LCD_IRQHandler          0x008935    0x1  Code  Gb  stm8l15x_it.o [1]
RTC_IRQHandler          0x00892d    0x1  Code  Gb  stm8l15x_it.o [1]
Region$$Table$$Base     0x008802          --   Gb  - Linker created -
Region$$Table$$Limit    0x00880d          --   Gb  - Linker created -
SPI1_IRQHandler         0x00893f    0x1  Code  Gb  stm8l15x_it.o [1]
SPI_Cmd                 0x008864    0xd  Code  Gb  stm8l15x_spi.o [1]
SPI_DeInit              0x00884a   0x1a  Code  Gb  stm8l15x_spi.o [1]
SPI_GetFlagStatus       0x00887e   0x19  Code  Gb  stm8l15x_spi.o [1]
SPI_Init                0x008646   0x41  Code  Gb  stm8l15x_spi.o [1]
SPI_ReceiveData         0x008879    0x5  Code  Gb  stm8l15x_spi.o [1]
SPI_SendData            0x008871    0x8  Code  Gb  stm8l15x_spi.o [1]
SWITCH_CSS_BREAK_DAC_IRQHandler
                        0x008936    0x1  Code  Gb  stm8l15x_it.o [1]
TIM1_CAP_IRQHandler     0x00893d    0x1  Code  Gb  stm8l15x_it.o [1]
TIM1_UPD_OVF_TRG_COM_IRQHandler
                        0x00893c    0x1  Code  Gb  stm8l15x_it.o [1]
TIM2_CAP_IRQHandler     0x008939    0x1  Code  Gb  stm8l15x_it.o [1]
TIM2_UPD_OVF_TRG_BRK_IRQHandler
                        0x008938    0x1  Code  Gb  stm8l15x_it.o [1]
TIM3_CAP_IRQHandler     0x00893b    0x1  Code  Gb  stm8l15x_it.o [1]
TIM3_UPD_OVF_TRG_BRK_IRQHandler
                        0x00893a    0x1  Code  Gb  stm8l15x_it.o [1]
TIM4_UPD_OVF_TRG_IRQHandler
                        0x00893e    0x1  Code  Gb  stm8l15x_it.o [1]
TRAP_IRQHandler         0x008929    0x1  Code  Gb  stm8l15x_it.o [1]
USART1_RX_IRQHandler    0x008941    0x1  Code  Gb  stm8l15x_it.o [1]
USART1_TX_IRQHandler    0x008940    0x1  Code  Gb  stm8l15x_it.o [1]
__DebugBreak            0x008943    0x1  Code  Gb  __dbg_break.o [3]
__exit                  0x0088ae   0x16  Code  Gb  __dbg_xxexit.o [3]
__iar_copy_init2        0x008721         Code  Gb  init_small.o [4]
__iar_data_init2        0x00882c   0x1e  Code  Gb  init.o [4]
__iar_program_start     0x008897         Code  Gb  cstartup.o [4]
__iar_unhandled_exception
                        0x008923         Code  Gb  unhandled_exception.o [4]
__intvec                0x008000         Data  Gb  interrupt.o [4]
__low_level_init        0x008920    0x3  Code  Gb  low_level_init.o [4]
_exit                   0x00890e         Code  Gb  cexit.o [4]
_interrupt_1            0x008929         Code  Gb  stm8l15x_it.o [1]
_interrupt_10           0x008931         Code  Gb  stm8l15x_it.o [1]
_interrupt_11           0x008932         Code  Gb  stm8l15x_it.o [1]
_interrupt_12           0x008749         Code  Gb  stm8l15x_it.o [1]
_interrupt_13           0x00876f         Code  Gb  stm8l15x_it.o [1]
_interrupt_14           0x008795         Code  Gb  stm8l15x_it.o [1]
_interrupt_15           0x0087bb         Code  Gb  stm8l15x_it.o [1]
_interrupt_16           0x008933         Code  Gb  stm8l15x_it.o [1]
_interrupt_17           0x008934         Code  Gb  stm8l15x_it.o [1]
_interrupt_18           0x008935         Code  Gb  stm8l15x_it.o [1]
_interrupt_19           0x008936         Code  Gb  stm8l15x_it.o [1]
_interrupt_20           0x008937         Code  Gb  stm8l15x_it.o [1]
_interrupt_21           0x008938         Code  Gb  stm8l15x_it.o [1]
_interrupt_22           0x008939         Code  Gb  stm8l15x_it.o [1]
_interrupt_23           0x00893a         Code  Gb  stm8l15x_it.o [1]
_interrupt_24           0x00893b         Code  Gb  stm8l15x_it.o [1]
_interrupt_25           0x00893c         Code  Gb  stm8l15x_it.o [1]
_interrupt_26           0x00893d         Code  Gb  stm8l15x_it.o [1]
_interrupt_27           0x00893e         Code  Gb  stm8l15x_it.o [1]
_interrupt_28           0x00893f         Code  Gb  stm8l15x_it.o [1]
_interrupt_29           0x008940         Code  Gb  stm8l15x_it.o [1]
_interrupt_3            0x00892a         Code  Gb  stm8l15x_it.o [1]
_interrupt_30           0x008941         Code  Gb  stm8l15x_it.o [1]
_interrupt_31           0x008942         Code  Gb  stm8l15x_it.o [1]
_interrupt_4            0x00892b         Code  Gb  stm8l15x_it.o [1]
_interrupt_5            0x00892c         Code  Gb  stm8l15x_it.o [1]
_interrupt_6            0x00892d         Code  Gb  stm8l15x_it.o [1]
_interrupt_7            0x00892e         Code  Gb  stm8l15x_it.o [1]
_interrupt_8            0x00892f         Code  Gb  stm8l15x_it.o [1]
_interrupt_9            0x008930         Code  Gb  stm8l15x_it.o [1]
address                 0x00000e    0x1  Data  Gb  RFM69.o [1]
button                  0x00000d    0x1  Data  Gb  main.o [1]
delay_10us              0x0085f8   0x4e  Code  Gb  delay.o [1]
exit                    0x00891c    0x4  Code  Gb  exit.o [4]
main                    0x0081dc  0x137  Code  Gb  main.o [1]
mode                    0x00000c    0x1  Data  Gb  RFM69.o [1]
rfm69_init              0x0083ab   0x9a  Code  Gb  RFM69.o [1]
rfm69cw_multiwrite      0x0080e8   0x72  Code  Gb  RFM69.o [1]
rfm69cw_read            0x00815a   0x72  Code  Gb  RFM69.o [1]
rfm69cw_write           0x008080   0x68  Code  Gb  RFM69.o [1]
setAddress              0x0081d4    0x8  Code  Gb  RFM69.o [1]
setMode                 0x008313   0x98  Code  Gb  RFM69.o [1]
setNetwork              0x0081cc    0x8  Code  Gb  RFM69.o [1]
spi_start               0x008687   0x3f  Code  Gb  RFM69.o [1]


[1] = C:\STM8Projects\task\Debug\Obj
[2] = command line
[3] = dbgstm8mmd.a
[4] = dlstm8mmn.a

  2 076 bytes of readonly  code memory
    296 bytes of readonly  data memory
    527 bytes of readwrite data memory

Errors: none
Warnings: none
